// Jest Snapshot v1, https://goo.gl/fbAQLP

exports[`<Button /> Rendering matches the snapshot 1`] = `
<button
  className="btn btn-sm btn-primary"
  type="submit"
>
  Add
</button>
`;

exports[`<Button /> rendering matches the snapshot 1`] = `
<button
  className="btn btn-sm btn-primary"
  type="submit"
>
  Add
</button>
`;
